// Jest Snapshot v1, https://goo.gl/fbAQLP

exports[`Projects should match the snapshot 1`] = `
<section
  className="portfolio_main-projects"
>
  <article
    className="project"
  >
    <div
      aria-label="holds image that is revealed on hover"
      className="reveal-content"
    >
      <img
        alt="Puyallup School District"
        className="project_reveal-img"
        src="../images/puyallup.jpg"
      />
    </div>
    <div
      aria-label="name of project that is displayed when not being hovered"
      className="reveal-top"
    >
      <div
        aria-label="title of project that is displayed on page load"
        className="reveal-content caption"
      >
        <h4
          className="project_reveal-h4-name"
        >
          Puyallup School District
        </h4>
        <h4
          className="project_reveal-h4-location"
        >
          Puyallup, WA
        </h4>
      </div>
    </div>
  </article>
</section>
`;
