// Jest Snapshot v1, https://goo.gl/fbAQLP

exports[`Services should match the snapshot 1`] = `
<section
  className="section_services"
>
  <Fade
    left={true}
  >
    <div
      aria-label="notification of services page"
      className="services_banner"
    >
      <div
        aria-label=""
        className="services_img"
        style={
          Object {
            "backgroundImage": "linear-gradient(rgba(255, 252, 252, 0.25), rgba(255, 254, 254, 0.15)), url(plumbing-equipment.jpg)",
          }
        }
      >
        <h2
          className="services_banner-h2"
        >
          Our Services
        </h2>
      </div>
    </div>
  </Fade>
  <p
    className="services_description-paragraph"
  >
    For light commercial projects, tenant improvement projects and larger commercial and industrial projects, as a signatory to the Local 26 Plumbers and Pipefitters Union, we have access to a pool of trained and skilled plumbers who can assist with any plumbing project. Visit Local 26's
    <a
      aria-label="link to Local Union 26's website"
      className="services_union-link"
      href="http://www.ua26.org/"
      rel="noopener noreferrer"
      target="_blank"
    >
      website
    </a>
    <br />
    <br />
    Local 26 is part of a National Plumbers and Pipefitters Union. Additional information about the National UA can be found
    <a
      aria-label="link to National Plumber's website"
      className="services_union-link"
      href="http://www.ua.org/"
      rel="noopener noreferrer"
      target="_blank"
    >
      here
    </a>
  </p>
  <section
    className="services_body"
  >
    <article
      className="services_article"
    >
      <Reveal
        count={1}
        countOut={1}
        delay={0}
        delayOut={0}
        duration={1000}
        durationOut={1000}
        effect="pulse"
        inEffect={
          Object {
            "count": 1,
            "delay": 0,
            "duration": 1000,
            "forever": undefined,
            "make": [Function],
            "reverse": undefined,
            "style": Object {
              "animationFillMode": "both",
            },
          }
        }
        outEffect={
          Object {
            "count": 1,
            "delay": 0,
            "duration": 1000,
            "forever": undefined,
            "make": [Function],
            "reverse": undefined,
            "style": Object {
              "animationFillMode": "both",
            },
          }
        }
      >
        <aside
          className="services_img-holder-1"
        >
          <img
            alt="plumbing tools"
            className="services_image-1"
            src="plumbing-585658_640.png"
          />
        </aside>
      </Reveal>
      <aside
        className="services_description-holder-1"
      >
        <h3
          className="services_h3"
        >
          Plumbing
        </h3>
        <p
          className="services_paragraph"
        >
          Lorem ipsum dolor sit amet, consectetur adipiscing elit, sed do eiusmod tempor incididunt ut labore et dolore magna aliqua. Ut enim ad minim veniam, quis nostrud exercitation ullamco laboris nisi ut aliquip ex ea commodo consequat.
        </p>
      </aside>
    </article>
    <article
      className="services_article"
    >
      <aside
        className="services_description-holder-2"
      >
        <h3
          className="services_h3"
        >
          Remodeling
        </h3>
        <p
          className="services_paragraph"
        >
          Lorem ipsum dolor sit amet, consectetur adipiscing elit, sed do eiusmod tempor incididunt ut labore et dolore magna aliqua. Ut enim ad minim veniam, quis nostrud exercitation ullamco laboris nisi ut aliquip ex ea commodo consequat.
        </p>
      </aside>
      <Reveal
        count={1}
        countOut={1}
        delay={0}
        delayOut={0}
        duration={1000}
        durationOut={1000}
        effect="pulse"
        inEffect={
          Object {
            "count": 1,
            "delay": 0,
            "duration": 1000,
            "forever": undefined,
            "make": [Function],
            "reverse": undefined,
            "style": Object {
              "animationFillMode": "both",
            },
          }
        }
        outEffect={
          Object {
            "count": 1,
            "delay": 0,
            "duration": 1000,
            "forever": undefined,
            "make": [Function],
            "reverse": undefined,
            "style": Object {
              "animationFillMode": "both",
            },
          }
        }
      >
        <aside
          className="services_img-holder-2"
        >
          <img
            alt="tools for construction work"
            className="services_image-2"
            src="construction.png"
          />
        </aside>
      </Reveal>
    </article>
    <article
      className="services_article"
    >
      <Reveal
        count={1}
        countOut={1}
        delay={0}
        delayOut={0}
        duration={1000}
        durationOut={1000}
        effect="pulse"
        inEffect={
          Object {
            "count": 1,
            "delay": 0,
            "duration": 1000,
            "forever": undefined,
            "make": [Function],
            "reverse": undefined,
            "style": Object {
              "animationFillMode": "both",
            },
          }
        }
        outEffect={
          Object {
            "count": 1,
            "delay": 0,
            "duration": 1000,
            "forever": undefined,
            "make": [Function],
            "reverse": undefined,
            "style": Object {
              "animationFillMode": "both",
            },
          }
        }
      >
        <aside
          className="services_img-holder-3"
        >
          <img
            alt="copper piping for plumbing"
            className="services_image-3"
            src="copper-pipe.png"
          />
        </aside>
      </Reveal>
      <aside
        className="services_description-holder-3"
      >
        <h3
          className="services_h3"
        >
          Re-piping
        </h3>
        <p
          className="services_paragraph"
        >
          Lorem ipsum dolor sit amet, consectetur adipiscing elit, sed do eiusmod tempor incididunt ut labore et dolore magna aliqua. Ut enim ad minim veniam, quis nostrud exercitation ullamco laboris nisi ut aliquip ex ea commodo consequat.
        </p>
      </aside>
    </article>
    <article
      className="services_article"
    >
      <aside
        className="services_description-holder-4"
      >
        <h3
          className="services_h3"
        >
          Water and Gas
        </h3>
        <p
          className="services_paragraph"
        >
          Whether you have a new water heater or an older water heater, proper and routine water heater maintenance is something you can do to extend its life, minimize costs for repair and replacement, and lower your energy costs.
        </p>
      </aside>
      <Reveal
        count={1}
        countOut={1}
        delay={0}
        delayOut={0}
        duration={1000}
        durationOut={1000}
        effect="pulse"
        inEffect={
          Object {
            "count": 1,
            "delay": 0,
            "duration": 1000,
            "forever": undefined,
            "make": [Function],
            "reverse": undefined,
            "style": Object {
              "animationFillMode": "both",
            },
          }
        }
        outEffect={
          Object {
            "count": 1,
            "delay": 0,
            "duration": 1000,
            "forever": undefined,
            "make": [Function],
            "reverse": undefined,
            "style": Object {
              "animationFillMode": "both",
            },
          }
        }
      >
        <aside
          className="services_img-holder-4"
        >
          <img
            alt="gas flame from a stove"
            className="services_image-4"
            src="appliance-gas.png"
          />
        </aside>
      </Reveal>
    </article>
  </section>
</section>
`;
