// Jest Snapshot v1, https://goo.gl/fbAQLP

exports[`Footer should match the snapshot 1`] = `
<footer>
  <img
    alt="ridge creek plumbing logo"
    className="logo-img"
    src="logo-white.png"
  />
  <div
    className="footer_links-holder"
  >
    <Link
      className="footer_link"
      to="/"
    >
      About
    </Link>
    <Link
      className="footer_link"
      to="/portfolio"
    >
      Portfolio
    </Link>
    <Link
      className="footer_link"
      to="/services"
    >
      Services
    </Link>
    <Link
      className="footer_link"
      to="/contact"
    >
      Contact
    </Link>
  </div>
  <div
    className="footer_socialMedia-holder"
  >
    <p
      className="footer_quote"
    >
      We put our customers first!
    </p>
    <a
      className="footer_socialMedia-img"
      href="https://www.facebook.com/ridgecreekplumbing/"
      rel="noopener noreferrer"
      target="_blank"
    >
      <FaFacebookSquare />
    </a>
    <a
      className="footer_socialMedia-img"
      href="instagram"
      rel="noopener noreferrer"
      target="_blank"
    >
      <FaInstagram />
    </a>
    <a
      className="footer_socialMedia-img"
      href="linkedin"
      rel="noopener noreferrer"
      target="_blank"
    >
      <FaLinkedin />
    </a>
    <a
      className="footer_socialMedia-img"
      href="twitter"
      rel="noopener noreferrer"
      target="_blank"
    >
      <FaTwitterSquare />
    </a>
  </div>
</footer>
`;
